---
source: meilisearch/tests/search/errors.rs
---
{
  "uid": "[uid]",
  "indexUid": "tamo",
  "status": "succeeded",
  "type": "indexCreation",
  "canceledBy": null,
  "details": {
    "primaryKey": null
  },
  "error": null,
  "duration": "[duration]",
  "enqueuedAt": "[date]",
  "startedAt": "[date]",
  "finishedAt": "[date]"
}
