---
source: crates/index-scheduler/src/scheduler/test_failure.rs
snapshot_kind: text
---
### Autobatching Enabled = true
### Processing batch None:
[]
----------------------------------------------------------------------
### All Tasks:
0 {uid: 0, batch_uid: 0, status: failed, error: ResponseError { code: 200, message: "Planned failure for tests.", error_code: "internal", error_type: "internal", error_link: "https://docs.meilisearch.com/errors#internal" }, details: { primary_key: Some("mouse") }, kind: IndexCreation { index_uid: "catto", primary_key: Some("mouse") }}
----------------------------------------------------------------------
### Status:
enqueued []
failed [0,]
----------------------------------------------------------------------
### Kind:
"indexCreation" [0,]
----------------------------------------------------------------------
### Index Tasks:
catto [0,]
----------------------------------------------------------------------
### Index Mapper:

----------------------------------------------------------------------
### Canceled By:

----------------------------------------------------------------------
### Enqueued At:
[timestamp] [0,]
----------------------------------------------------------------------
### Started At:
[timestamp] [0,]
----------------------------------------------------------------------
### Finished At:
[timestamp] [0,]
----------------------------------------------------------------------
### All Batches:
0 {uid: 0, details: {"primaryKey":"mouse"}, stats: {"totalNbTasks":1,"status":{"failed":1},"types":{"indexCreation":1},"indexUids":{"catto":1}}, }
----------------------------------------------------------------------
### Batch to tasks mapping:
0 [0,]
----------------------------------------------------------------------
### Batches Status:
failed [0,]
----------------------------------------------------------------------
### Batches Kind:
"indexCreation" [0,]
----------------------------------------------------------------------
### Batches Index Tasks:
catto [0,]
----------------------------------------------------------------------
### Batches Enqueued At:
[timestamp] [0,]
----------------------------------------------------------------------
### Batches Started At:
[timestamp] [0,]
----------------------------------------------------------------------
### Batches Finished At:
[timestamp] [0,]
----------------------------------------------------------------------
### File Store:

----------------------------------------------------------------------
