---
source: dump/src/reader/mod.rs
expression: vector_index.settings().unwrap()
---
{
  "displayedAttributes": [
    "*"
  ],
  "searchableAttributes": [
    "*"
  ],
  "filterableAttributes": [],
  "sortableAttributes": [],
  "rankingRules": [
    "words",
    "typo",
    "proximity",
    "attribute",
    "sort",
    "exactness"
  ],
  "stopWords": [],
  "nonSeparatorTokens": [],
  "separatorTokens": [],
  "dictionary": [],
  "synonyms": {},
  "distinctAttribute": null,
  "proximityPrecision": "byWord",
  "typoTolerance": {
    "enabled": true,
    "minWordSizeForTypos": {
      "oneTypo": 5,
      "twoTypos": 9
    },
    "disableOnWords": [],
    "disableOnAttributes": []
  },
  "faceting": {
    "maxValuesPerFacet": 100,
    "sortFacetValuesBy": {
      "*": "alpha"
    }
  },
  "pagination": {
    "maxTotalHits": 1000
  },
  "embedders": {
    "default": {
      "source": "huggingFace",
      "model": "BAAI/bge-base-en-v1.5",
      "revision": "617ca489d9e86b49b8167676d8220688b99db36e",
      "documentTemplate": "{% for field in fields %} {{ field.name }}: {{ field.value }}\n{% endfor %}"
    }
  },
  "searchCutoffMs": null
}
