---
source: dump/src/reader/compat/v3_to_v4.rs
expression: spells.settings()
---
Ok(
    Settings {
        displayed_attributes: Reset,
        searchable_attributes: Reset,
        filterable_attributes: Set(
            {},
        ),
        sortable_attributes: Set(
            {},
        ),
        ranking_rules: Set(
            [
                "words",
                "typo",
                "proximity",
                "attribute",
                "sort",
                "exactness",
            ],
        ),
        stop_words: Set(
            {},
        ),
        synonyms: Set(
            {},
        ),
        distinct_attribute: Reset,
        typo_tolerance: NotSet,
        _kind: PhantomData<dump::reader::v4::settings::Checked>,
    },
)
