---
source: crates/meilisearch-types/src/dynamic_search_rules.rs
expression: expected
---
{
  "uid": "simple-rule",
  "active": false,
  "conditions": [],
  "actions": [
    {
      "selector": {
        "id": "42"
      },
      "action": {
        "type": "pin",
        "position": 1
      }
    }
  ]
}
