---
source: milli/src/update/index_documents/mod.rs
---
1  1                36               [3, ]
1  1                37               [4, ]
1  1                38               [5, ]
1  1                39               [6, ]
1  1                40               [7, ]
1  1                41               [8, ]
1  1                42               [9, ]
1  1                43               [10, ]
1  1                44               [11, ]
1  1                45               [12, ]
1  1                46               [13, ]
1  1                47               [14, ]
1  1                5                [1, ]
1  1                52               [15, ]
1  1                57               [16, ]
1  1                58               [17, ]
1  1                68               [18, ]
1  1                69               [19, ]
1  1                7                [2, ]
1  1                71               [21, ]
1  2                2                [21, ]

