---
source: crates/index-scheduler/src/scheduler/test.rs
snapshot_kind: text
---
### Autobatching Enabled = true
### Processing batch None:
[]
----------------------------------------------------------------------
### All Tasks:
0 {uid: 0, batch_uid: 0, status: succeeded, details: { received_documents: 1, indexed_documents: Some(1) }, kind: DocumentAdditionOrUpdate { index_uid: "catto", primary_key: None, method: ReplaceDocuments, content_file: 00000000-0000-0000-0000-000000000000, documents_count: 1, allow_index_creation: true }}
1 {uid: 1, status: enqueued, details: { received_documents: 1, indexed_documents: None }, kind: DocumentAdditionOrUpdate { index_uid: "beavero", primary_key: None, method: ReplaceDocuments, content_file: 00000000-0000-0000-0000-000000000001, documents_count: 1, allow_index_creation: true }}
2 {uid: 2, status: enqueued, details: { received_documents: 1, indexed_documents: None }, kind: DocumentAdditionOrUpdate { index_uid: "wolfo", primary_key: None, method: ReplaceDocuments, content_file: 00000000-0000-0000-0000-000000000002, documents_count: 1, allow_index_creation: true }}
----------------------------------------------------------------------
### Status:
enqueued [1,2,]
succeeded [0,]
----------------------------------------------------------------------
### Kind:
"documentAdditionOrUpdate" [0,1,2,]
----------------------------------------------------------------------
### Index Tasks:
beavero [1,]
catto [0,]
wolfo [2,]
----------------------------------------------------------------------
### Index Mapper:
catto: { number_of_documents: 1, field_distribution: {"id": 1} }

----------------------------------------------------------------------
### Canceled By:

----------------------------------------------------------------------
### Enqueued At:
[timestamp] [0,]
[timestamp] [1,]
[timestamp] [2,]
----------------------------------------------------------------------
### Started At:
[timestamp] [0,]
----------------------------------------------------------------------
### Finished At:
[timestamp] [0,]
----------------------------------------------------------------------
### All Batches:
0 {uid: 0, details: {"receivedDocuments":1,"indexedDocuments":1}, stats: {"totalNbTasks":1,"status":{"succeeded":1},"types":{"documentAdditionOrUpdate":1},"indexUids":{"catto":1}}, }
----------------------------------------------------------------------
### Batch to tasks mapping:
0 [0,]
----------------------------------------------------------------------
### Batches Status:
succeeded [0,]
----------------------------------------------------------------------
### Batches Kind:
"documentAdditionOrUpdate" [0,]
----------------------------------------------------------------------
### Batches Index Tasks:
catto [0,]
----------------------------------------------------------------------
### Batches Enqueued At:
[timestamp] [0,]
----------------------------------------------------------------------
### Batches Started At:
[timestamp] [0,]
----------------------------------------------------------------------
### Batches Finished At:
[timestamp] [0,]
----------------------------------------------------------------------
### File Store:
00000000-0000-0000-0000-000000000001
00000000-0000-0000-0000-000000000002

----------------------------------------------------------------------
