---
source: milli/src/update/prefix_word_pairs/mod.rs
---
5                [51, ]
a0               [0, ]
a1               [1, ]
a10              [16, ]
a11              [17, ]
a12              [18, ]
a13              [19, ]
a14              [20, ]
a15              [21, ]
a16              [22, ]
a17              [23, ]
a18              [24, ]
a19              [25, ]
a1a              [26, ]
a1b              [27, ]
a1c              [28, ]
a1d              [29, ]
a1e              [30, ]
a1f              [31, ]
a2               [2, ]
a20              [32, ]
a21              [33, ]
a22              [34, ]
a23              [35, ]
a24              [36, ]
a25              [37, ]
a26              [38, ]
a27              [39, ]
a28              [40, ]
a29              [41, ]
a2a              [42, ]
a2b              [43, ]
a2c              [44, ]
a2d              [45, ]
a2e              [46, ]
a2f              [47, ]
a3               [3, ]
a30              [48, ]
a31              [49, ]
a4               [4, ]
a5               [5, ]
a6               [6, ]
a7               [7, ]
a8               [8, ]
a9               [9, ]
aa               [10, ]
ab               [11, ]
ac               [12, ]
ad               [13, ]
ae               [14, ]
af               [15, ]
am               [51, ]
amazing          [50, ]
an               [50, ]
and              [50, ]
at               [50, 51, ]
beautiful        [50, ]
bell             [51, ]
house            [50, ]
rings            [51, ]
the              [51, ]

