---
source: crates/index-scheduler/src/queue/batches_test.rs
---
### Autobatching Enabled = true
### Processing batch None:
[]
----------------------------------------------------------------------
### All Tasks:
0 {uid: 0, batch_uid: 0, status: succeeded, details: { primary_key: Some("id"), old_new_uid: None, new_index_uid: None }, kind: IndexCreation { index_uid: "docs", primary_key: Some("id") }}
1 {uid: 1, batch_uid: 1, status: succeeded, details: { received_documents: 1, indexed_documents: Some(1) }, kind: DocumentAdditionOrUpdate { index_uid: "docs", primary_key: Some("id"), method: ReplaceDocuments, content_file: 00000000-0000-0000-0000-000000000001, documents_count: 1, allow_index_creation: true, on_missing_document: Create }}
2 {uid: 2, batch_uid: 1, status: succeeded, details: { received_document_ids: 1, deleted_documents: Some(1) }, kind: DocumentDeletion { index_uid: "docs", documents_ids: ["1"] }}
3 {uid: 3, batch_uid: 1, status: succeeded, details: { received_documents: 1, indexed_documents: Some(0) }, kind: DocumentAdditionOrUpdate { index_uid: "docs", primary_key: Some("id"), method: ReplaceDocuments, content_file: 00000000-0000-0000-0000-000000000002, documents_count: 1, allow_index_creation: true, on_missing_document: Skip }}
----------------------------------------------------------------------
### Status:
enqueued []
succeeded [0,1,2,3,]
----------------------------------------------------------------------
### Kind:
"documentAdditionOrUpdate" [1,3,]
"documentDeletion" [2,]
"indexCreation" [0,]
----------------------------------------------------------------------
### Index Tasks:
docs [0,1,2,3,]
----------------------------------------------------------------------
### Index Mapper:
docs: { number_of_documents: 0, field_distribution: {} }

----------------------------------------------------------------------
### Canceled By:

----------------------------------------------------------------------
### Enqueued At:
[timestamp] [0,]
[timestamp] [1,]
[timestamp] [2,]
[timestamp] [3,]
----------------------------------------------------------------------
### Started At:
[timestamp] [0,]
[timestamp] [1,2,3,]
----------------------------------------------------------------------
### Finished At:
[timestamp] [0,]
[timestamp] [1,2,3,]
----------------------------------------------------------------------
### All Batches:
0 {uid: 0, details: {"primaryKey":"id"}, stats: {"totalNbTasks":1,"status":{"succeeded":1},"types":{"indexCreation":1},"indexUids":{"docs":1}}, stop reason: "created batch containing only task with id 0 of type `indexCreation` that cannot be batched with any other task.", }
1 {uid: 1, details: {"receivedDocuments":2,"indexedDocuments":1,"providedIds":1,"deletedDocuments":1}, stats: {"totalNbTasks":3,"status":{"succeeded":3},"types":{"documentAdditionOrUpdate":2,"documentDeletion":1},"indexUids":{"docs":3}}, stop reason: "batched all enqueued tasks", }
----------------------------------------------------------------------
### Batch to tasks mapping:
0 [0,]
1 [1,2,3,]
----------------------------------------------------------------------
### Batches Status:
succeeded [0,1,]
----------------------------------------------------------------------
### Batches Kind:
"documentAdditionOrUpdate" [1,]
"documentDeletion" [1,]
"indexCreation" [0,]
----------------------------------------------------------------------
### Batches Index Tasks:
docs [0,1,]
----------------------------------------------------------------------
### Batches Enqueued At:
[timestamp] [0,]
[timestamp] [1,]
[timestamp] [1,]
----------------------------------------------------------------------
### Batches Started At:
[timestamp] [0,]
[timestamp] [1,]
----------------------------------------------------------------------
### Batches Finished At:
[timestamp] [0,]
[timestamp] [1,]
----------------------------------------------------------------------
### File Store:

----------------------------------------------------------------------
