---
source: milli/src/update/prefix_word_pairs/mod.rs
---
5                [51, ]
am               [51, ]
at               [51, ]
b0               [0, ]
b1               [1, ]
b10              [16, ]
b11              [17, ]
b12              [18, ]
b13              [19, ]
b14              [20, ]
b15              [21, ]
b16              [22, ]
b17              [23, ]
b18              [24, ]
b19              [25, ]
b1a              [26, ]
b1b              [27, ]
b1c              [28, ]
b1d              [29, ]
b1e              [30, ]
b1f              [31, ]
b2               [2, ]
b20              [32, ]
b21              [33, ]
b22              [34, ]
b23              [35, ]
b24              [36, ]
b25              [37, ]
b26              [38, ]
b27              [39, ]
b28              [40, ]
b29              [41, ]
b2a              [42, ]
b2b              [43, ]
b2c              [44, ]
b2d              [45, ]
b2e              [46, ]
b2f              [47, ]
b3               [3, ]
b30              [48, ]
b31              [49, ]
b4               [4, ]
b5               [5, ]
b6               [6, ]
b7               [7, ]
b8               [8, ]
b9               [9, ]
ba               [10, ]
bb               [11, ]
bc               [12, ]
bd               [13, ]
be               [14, ]
bell             [51, ]
bf               [15, ]
rings            [51, ]
the              [51, ]

