---
source: milli/src/update/delete_documents.rs
---
1   0  abstract     1  [2, 6, 10, 13, 14, 15, 16, 17, ]
1   0  aquarium     1  [5, ]
1   0  art          1  [4, 5, 8, 9, 10, 12, 17, ]
1   0  cartoon      1  [2, 7, 15, 17, ]
1   0  colorfulness 1  [13, ]
1   0  design       1  [2, 18, ]
1   0  drawing      1  [3, 4, 5, 8, 10, 11, 16, ]
1   0  geometry     1  [19, ]
1   0  letter       1  [1, ]
1   0  outdoor      1  [4, ]
1   0  painting     1  [3, ]
1   0  pattern      1  [2, 3, 9, 10, 13, 14, 16, ]
2   0  design       1  [21, ]

