---
source: milli/src/update/delete_documents.rs
---
1_36             [3, ]
1_37             [4, ]
1_38             [5, ]
1_39             [6, ]
1_40             [7, ]
1_41             [8, ]
1_42             [9, ]
1_43             [10, ]
1_44             [11, ]
1_45             [12, ]
1_46             [13, ]
1_47             [14, ]
1_5              [1, ]
1_52             [15, ]
1_57             [16, ]
1_58             [17, ]
1_68             [18, ]
1_69             [19, ]
1_7              [2, ]
1_71             [21, ]
2.2              [21, ]
abstract         [2, 6, 10, 13, 14, 15, 16, 17, ]
aquarium         [5, ]
art              [4, 5, 8, 9, 10, 12, 17, ]
cartoon          [2, 7, 15, 17, ]
colorfulness     [13, ]
design           [2, 18, 21, ]
drawing          [3, 4, 5, 8, 10, 11, 16, ]
geometry         [19, ]
letter           [1, ]
outdoor          [4, ]
painting         [3, ]
pattern          [2, 3, 9, 10, 13, 14, 16, ]

