---
source: dump/src/reader/v4/mod.rs
expression: keys
---
[
  {
    "description": "Default Search API Key (Use it to search from the frontend)",
    "id": [
      110,
      113,
      57,
      52,
      113,
      97,
      71,
      106
    ],
    "actions": [
      "search"
    ],
    "indexes": [
      "*"
    ],
    "expires_at": null,
    "created_at": "2022-10-06T12:53:33.424274047Z",
    "updated_at": "2022-10-06T12:53:33.424274047Z"
  },
  {
    "description": "Default Admin API Key (Use it for all other operations. Caution! Do not use it on a public frontend)",
    "id": [
      105,
      121,
      109,
      83,
      109,
      111,
      53,
      83
    ],
    "actions": [
      "*"
    ],
    "indexes": [
      "*"
    ],
    "expires_at": null,
    "created_at": "2022-10-06T12:53:33.417707446Z",
    "updated_at": "2022-10-06T12:53:33.417707446Z"
  }
]
