---
source: milli/src/update/prefix_word_pairs/mod.rs
---
amazing          [50, ]
an               [50, ]
at               [50, ]
b0               [52, ]
b1               [53, ]
b10              [68, ]
b11              [69, ]
b12              [70, ]
b13              [71, ]
b14              [72, ]
b15              [73, ]
b16              [74, ]
b17              [75, ]
b18              [76, ]
b19              [77, ]
b1a              [78, ]
b1b              [79, ]
b1c              [80, ]
b1d              [81, ]
b1e              [82, ]
b1f              [83, ]
b2               [54, ]
b20              [84, ]
b21              [85, ]
b22              [86, ]
b23              [87, ]
b24              [88, ]
b25              [89, ]
b26              [90, ]
b27              [91, ]
b28              [92, ]
b29              [93, ]
b2a              [94, ]
b2b              [95, ]
b2c              [96, ]
b2d              [97, ]
b2e              [98, ]
b2f              [99, ]
b3               [55, ]
b30              [100, ]
b31              [101, ]
b4               [56, ]
b5               [57, ]
b6               [58, ]
b7               [59, ]
b8               [60, ]
b9               [61, ]
ba               [62, ]
bb               [63, ]
bc               [64, ]
bd               [65, ]
be               [66, ]
bell             [51, ]
bf               [67, ]
house            [50, ]
rings            [51, ]
the              [51, ]

