---
source: crates/index-scheduler/src/scheduler/test_failure.rs
snapshot_kind: text
---
### Autobatching Enabled = true
### Processing batch None:
[]
----------------------------------------------------------------------
### All Tasks:
0 {uid: 0, batch_uid: 0, status: failed, error: ResponseError { code: 200, message: "Planned failure for tests.", error_code: "internal", error_type: "internal", error_link: "https://docs.meilisearch.com/errors#internal" }, details: { received_documents: 1, indexed_documents: Some(0) }, kind: DocumentAdditionOrUpdate { index_uid: "doggos", primary_key: Some("id"), method: ReplaceDocuments, content_file: 00000000-0000-0000-0000-000000000000, documents_count: 1, allow_index_creation: true }}
----------------------------------------------------------------------
### Status:
enqueued []
failed [0,]
----------------------------------------------------------------------
### Kind:
"documentAdditionOrUpdate" [0,]
----------------------------------------------------------------------
### Index Tasks:
doggos [0,]
----------------------------------------------------------------------
### Index Mapper:

----------------------------------------------------------------------
### Canceled By:

----------------------------------------------------------------------
### Enqueued At:
[timestamp] [0,]
----------------------------------------------------------------------
### Started At:
[timestamp] [0,]
----------------------------------------------------------------------
### Finished At:
[timestamp] [0,]
----------------------------------------------------------------------
### All Batches:
0 {uid: 0, details: {"receivedDocuments":1,"indexedDocuments":0}, stats: {"totalNbTasks":1,"status":{"failed":1},"types":{"documentAdditionOrUpdate":1},"indexUids":{"doggos":1}}, }
----------------------------------------------------------------------
### Batch to tasks mapping:
0 [0,]
----------------------------------------------------------------------
### Batches Status:
failed [0,]
----------------------------------------------------------------------
### Batches Kind:
"documentAdditionOrUpdate" [0,]
----------------------------------------------------------------------
### Batches Index Tasks:
doggos [0,]
----------------------------------------------------------------------
### Batches Enqueued At:
[timestamp] [0,]
----------------------------------------------------------------------
### Batches Started At:
[timestamp] [0,]
----------------------------------------------------------------------
### Batches Finished At:
[timestamp] [0,]
----------------------------------------------------------------------
### File Store:

----------------------------------------------------------------------
