---
source: milli/src/update/index_documents/mod.rs
---
1                [2, ]
10.0             [1, 7, ]
12               [0, 8, ]
1344             [3, ]
1813             [8, ]
2                [0, 8, ]
23               [5, ]
25.99            [2, ]
3.5              [0, 8, ]
35               [5, ]
4                [4, 6, ]
42               [0, 5, 8, ]
456              [1, 7, ]
adams            [5, ]
adventure        [1, 7, ]
alice            [2, ]
and              [0, 4, 6, 8, ]
antoine          [1, 7, ]
austen           [8, ]
austin           [0, ]
blood            [4, 6, ]
carroll          [2, ]
de               [1, 7, ]
douglas          [5, ]
exupery          [1, 7, ]
fantasy          [2, 3, 4, 6, ]
galaxy           [5, ]
guide            [5, ]
half             [4, 6, ]
harry            [4, 6, ]
hitchhiker'      [5, ]
hobbit           [3, ]
in               [2, ]
j                [3, 4, 6, 8, ]
jane             [0, ]
k                [4, 6, ]
le               [1, ]
lewis            [2, ]
little           [7, ]
petit            [1, ]
potter           [4, 6, ]
prejudice        [0, 8, ]
pride            [0, 8, ]
prince           [1, 4, 7, ]
princess         [6, ]
r                [3, ]
romance          [0, 8, ]
rowling          [4, 6, ]
s                [5, ]
saint            [1, 7, ]
the              [3, 4, 5, 6, 7, ]
to               [5, ]
tolkien          [3, ]
wonderland       [2, ]

